[www.scandosolutions.com/index.html]
[backblue.gif]
[fade.gif]
[index.html]
[www.scandosolutions.com/web/image/website/2/Scando.png]
[www.scandosolutions.com/web/image/website/2/Scandofcbe]
[www.scandosolutions.com/web/static/src/libs/fontawesome/fonts/fontawesome-webfont3e6e.woff2]
[www.scandosolutions.com/web/assets/11191-9eefe96/2/web.assets_frontend.min.css]
[www.scandosolutions.com/web/assets/10243-e14c648/2/web.assets_frontend_minimal.min.js]
[www.scandosolutions.com/web/login.html]
[www.scandosolutions.com/web/image/website/2/logo/Scandofcbe.png]
[www.scandosolutions.com/start-up.html]
[www.scandosolutions.com/business-process-management.html]
[www.scandosolutions.com/odoo.html]
[www.scandosolutions.com/about-us.html]
[www.scandosolutions.com/blog/our-blog-1.html]
[www.scandosolutions.com/careers]
[www.scandosolutions.com/helpdesk/support-1.html]
[www.scandosolutions.com/contactus.html]
[www.scandosolutions.com/_/unsplash/M2Kxb80gqcc/journey8f72.jpg]
[www.scandosolutions.com/_/web/image/4770-8d6e9055/1.png_]
[www.scandosolutions.com/web/image/8267-c2c1a122/2.png]
[www.scandosolutions.com/web/image/4575-2e0207c0/3.png]
[www.scandosolutions.com/web/image/4576-7d6ecddc/4.png]
[www.scandosolutions.com/_/web_editor/shape/web_editor/Airy/12_0018ac4.svg]
[www.scandosolutions.com/web/image/6487-cdff9727/odoo_ready_partners_rgb.png]
[www.scandosolutions.com/web/image/4936-c94eb856/solgan.png]
[www.scandosolutions.com/web/image/8376-d2605306/89b5c973-3735-4401-a731-58de5382b041.jpeg]
[www.scandosolutions.com/web/image/8377-69c45570/download.png]
[www.scandosolutions.com/web/image/8378-ce77f868/RAW.jpg]
[www.scandosolutions.com/web/image/8380-7df4372b/FFF.png]
[www.scandosolutions.com/web/image/8379-fb3d475f/EES-LOGO.jpg]
[www.scandosolutions.com/web/image/4584-b3689053/5.png]
[www.scandosolutions.com/web/image/4585-9c373cbc/6.png]
[www.scandosolutions.com/web/image/8237-a8316a57/7.png]
[www.scandosolutions.com/services.html]
[www.scandosolutions.com/web/static/img/odoo_logo_tiny.png]
[www.scandosolutions.com/index.html]
[download.odoo.com/js/plausi_saas.js]
[www.scandosolutions.com/web/static/img/transparent.png]
[www.scandosolutions.com/web/static/lib/jquery.ui/images/ui-icons_444444_256x240.png]
[www.scandosolutions.com/web/static/lib/jquery.ui/images/ui-icons_555555_256x240.png]
[www.scandosolutions.com/web/static/lib/jquery.ui/images/ui-icons_ffffff_256x240.png]
[www.scandosolutions.com/web/static/lib/jquery.ui/images/ui-icons_777620_256x240.png]
[www.scandosolutions.com/web/static/lib/jquery.ui/images/ui-icons_cc0000_256x240.png]
[www.scandosolutions.com/web/static/lib/jquery.ui/images/ui-icons_777777_256x240.png]
[www.scandosolutions.com/web/static/src/libs/fontawesome/fonts/fontawesome-webfont3e6e.woff]
[www.scandosolutions.com/web/static/lib/odoo_ui_icons/fonts/odoo_ui_icons.woff2]
[www.scandosolutions.com/web/static/lib/odoo_ui_icons/fonts/odoo_ui_icons.woff]
[www.scandosolutions.com/web/static/lib/select2/select2.png]
[www.scandosolutions.com/web/static/lib/select2/select2-spinner.gif]
[www.scandosolutions.com/web/static/lib/select2/select2x2.png]
[www.scandosolutions.com/web/static/fonts/tiktok_only.woff]
[www.scandosolutions.com/web/static/img/openhand.cur]
[www.scandosolutions.com/payment/static/src/img/placeholder.png]
[www.scandosolutions.com/payment/static/src/img/amex.png]
[www.scandosolutions.com/payment/static/src/img/diners.png]
[www.scandosolutions.com/payment/static/src/img/discover.png]
[www.scandosolutions.com/payment/static/src/img/jcb.png]
[www.scandosolutions.com/payment/static/src/img/mastercard.png]
[www.scandosolutions.com/payment/static/src/img/visa.png]
[www.scandosolutions.com/web/assets/11191-9eefe96/2/web.assets_frontend.min.css]
[www.scandosolutions.com/web/image/website/2/Scandofcbe.png]
[www.scandosolutions.com/web/image/website/2/logo/Scandofcbe-2.png]
[www.scandosolutions.com/web/reset_password.html]
[www.scandosolutions.com/web/login.html]
[www.scandosolutions.com/_/web_editor/shape/web_editor/Blobs/02094b.svg]
[www.scandosolutions.com/web/image/4732-f3a9430e/24.png]
[www.scandosolutions.com/web/image/4733-14b1341a/25.png]
[www.scandosolutions.com/marketing.html]
[www.scandosolutions.com/web/image/4740-dbbbcc61/26.png]
[www.scandosolutions.com/human-resources.html]
[www.scandosolutions.com/web/image/4741-555e2205/27.png]
[www.scandosolutions.com/finance.html]
[www.scandosolutions.com/web/image/4742-b9aee6c9/28.png]
[www.scandosolutions.com/accounting-bookkeeping.html]
[www.scandosolutions.com/web/image/4743-260412d9/29.png]
[www.scandosolutions.com/supply-chain.html]
[www.scandosolutions.com/web/image/4744-cf9f03c7/30.png]
[www.scandosolutions.com/manufacturing-management.html]
[www.scandosolutions.com/web/image/8239-a8316a57/7.png]
[www.scandosolutions.com/start-up.html]
[www.scandosolutions.com/web/image/4703-7d6ecddc/4.png]
[www.scandosolutions.com/_/web/image/4647-71d28e4c/9.png_]
[www.scandosolutions.com/web/image/4694-1f1608b2/10.png]
[www.scandosolutions.com/quality-management.html]
[www.scandosolutions.com/web/image/4696-7113666f/14.png]
[www.scandosolutions.com/business-processes-re-engineering.html]
[www.scandosolutions.com/web/image/4698-e5e355af/12.png]
[www.scandosolutions.com/corporate-governance.html]
[www.scandosolutions.com/web/image/8246-a8316a57/7.png]
[www.scandosolutions.com/business-process-management.html]
[www.scandosolutions.com/_/web/image/4587-59de1200/odoo.jpeg_]
[www.scandosolutions.com/web/image/4709-9a19a11a/15.png]
[www.scandosolutions.com/web/image/4718-a24c8e6a/16.png]
[www.scandosolutions.com/implementation.html]
[www.scandosolutions.com/web/image/4725-f777f99d/17.png]
[www.scandosolutions.com/customization.html]
[www.scandosolutions.com/web/image/4724-e5b0ea21/18.png]
[www.scandosolutions.com/express-service.html]
[www.scandosolutions.com/web/image/4723-58feb6f0/19.png]
[www.scandosolutions.com/integration.html]
[www.scandosolutions.com/web/image/4824-d29c92f7/23.png]
[www.scandosolutions.com/erp-support.html]
[www.scandosolutions.com/web/image/4721-a17f46c1/21.png]
[www.scandosolutions.com/migration.html]
[www.scandosolutions.com/web/image/4720-78368e12/22.png]
[www.scandosolutions.com/training.html]
[www.scandosolutions.com/web/image/7204-f386d5c2/7.png]
[www.scandosolutions.com/odoo.html]
[www.scandosolutions.com/web/image/8257-a8316a57/7.png]
[www.scandosolutions.com/about-us.html]
[www.scandosolutions.com/blog/our-blog-1/feed]
[www.scandosolutions.com/blog/'/website_blog/static/src/img/cover_5.jpg']
[www.scandosolutions.com/blog/our-blog-1/business-process-integration-2.html]
[www.scandosolutions.com/unsplash/LqKhnDzSF-8/unsplash_LqKhnDzSF-8_business process integrationsaf92.jpg]
[www.scandosolutions.com/web/image/blog.post/2/author_avatar/Business Process Integration7bd5.jpg]
[www.scandosolutions.com/blog/our-blog-1/how-to-design-chart-of-accounts-in-odoo-1.html]
[www.scandosolutions.com/unsplash/Ok76F6yW2iA/unsplash_Ok76F6yW2iA_finance9d32.jpg]
[www.scandosolutions.com/blog/our-blog-1.html]
[www.scandosolutions.com/careers.html]
[www.scandosolutions.com/helpdesk/support-1.html]
[www.scandosolutions.com/web/image/8238-a8316a57/7.png]
[www.scandosolutions.com/contactus.html]
[www.scandosolutions.com/_/unsplash/M2Kxb80gqcc/journey8f72.html]
[www.scandosolutions.com/_/web/image/4770-8d6e9055/1.html]
[www.scandosolutions.com/_/web_editor/shape/web_editor/Airy/12_0018ac4.html]
[www.scandosolutions.com/web/image/5029-52f5b301/6231f41c-e6fc-437d-bb9b-f9a76b0d6259.jpeg]
[www.scandosolutions.com/web/image/5016-a68f97b0/odoo_ready_partners_rgb.png]
[www.scandosolutions.com/web/image/5022-d677218d/bpm-for-small-business.png]
[www.scandosolutions.com/services.html]
[www.scandosolutions.com/web/static/img/empty_folder.svg]
[www.scandosolutions.com/web/static/img/mimetypes/unknown.svg]
[www.scandosolutions.com/web/static/img/mimetypes/image.svg]
[www.scandosolutions.com/web/static/img/mimetypes/audio.svg]
[www.scandosolutions.com/web/static/img/mimetypes/text.svg]
[www.scandosolutions.com/web/static/img/mimetypes/binary.svg]
[www.scandosolutions.com/web/static/img/mimetypes/video.svg]
[www.scandosolutions.com/web/static/img/mimetypes/archive.svg]
[www.scandosolutions.com/web/static/img/mimetypes/pdf.svg]
[www.scandosolutions.com/web/static/img/mimetypes/document.svg]
[www.scandosolutions.com/web/static/img/mimetypes/web_code.svg]
[www.scandosolutions.com/web/static/img/mimetypes/web_style.svg]
[www.scandosolutions.com/web/static/img/mimetypes/disk.svg]
[www.scandosolutions.com/web/static/img/mimetypes/spreadsheet.svg]
[www.scandosolutions.com/web/static/img/mimetypes/certificate.svg]
[www.scandosolutions.com/web/static/img/mimetypes/presentation.svg]
[www.scandosolutions.com/web/static/img/mimetypes/font.svg]
[www.scandosolutions.com/web/static/img/mimetypes/print.svg]
[www.scandosolutions.com/web/static/img/mimetypes/script.svg]
[www.scandosolutions.com/web/static/img/mimetypes/javascript.svg]
[www.scandosolutions.com/web/static/img/mimetypes/calendar.svg]
[www.scandosolutions.com/web/static/img/mimetypes/vector.svg]
[www.scandosolutions.com/web_editor/static/src/img/curved_arrow.svg]
[www.scandosolutions.com/web_editor/shape/web_editor/Airy/013052.svg]
[www.scandosolutions.com/web_editor/shape/web_editor/Airy/023052.svg]
[www.scandosolutions.com/web_editor/shape/web_editor/Airy/03bef0.svg]
[www.scandosolutions.com/web_editor/shape/web_editor/Airy/03_001bef0.svg]
[www.scandosolutions.com/web_editor/shape/web_editor/Airy/043052.svg]
[www.scandosolutions.com/web_editor/shape/web_editor/Airy/04_0013052.svg]
[www.scandosolutions.com/web_editor/shape/web_editor/Airy/053052.svg]
[www.scandosolutions.com/web_editor/shape/web_editor/Airy/05_0013052.svg]
[www.scandosolutions.com/web_editor/shape/web_editor/Airy/06e4dd.svg]
[www.scandosolutions.com/web_editor/shape/web_editor/Airy/07e4dd.svg]
[www.scandosolutions.com/web_editor/shape/web_editor/Airy/083052.svg]
[www.scandosolutions.com/web_editor/shape/web_editor/Airy/093052.svg]
[www.scandosolutions.com/web_editor/shape/web_editor/Airy/10bef0.svg]
[www.scandosolutions.com/web_editor/shape/web_editor/Airy/11bef0.svg]
[www.scandosolutions.com/web_editor/shape/web_editor/Airy/1274d6.svg]
[www.scandosolutions.com/web_editor/shape/web_editor/Airy/12_00174d6.svg]
[www.scandosolutions.com/web_editor/shape/web_editor/Airy/13c2c3.svg]
[www.scandosolutions.com/web_editor/shape/web_editor/Airy/13_001c2c3.svg]
[www.scandosolutions.com/web_editor/shape/web_editor/Airy/14c2c3.svg]
[www.scandosolutions.com/web_editor/shape/web_editor/Blobs/01e4dd.svg]
[www.scandosolutions.com/web_editor/shape/web_editor/Blobs/01_001e4dd.svg]
[www.scandosolutions.com/web_editor/shape/web_editor/Blobs/023176.svg]
[www.scandosolutions.com/web_editor/shape/web_editor/Blobs/03e4dd.svg]
[www.scandosolutions.com/web_editor/shape/web_editor/Blobs/04bef0.svg]
[www.scandosolutions.com/web_editor/shape/web_editor/Blobs/053052.svg]
[www.scandosolutions.com/web_editor/shape/web_editor/Blobs/063052.svg]
[www.scandosolutions.com/web_editor/shape/web_editor/Blobs/07bef0.svg]
[www.scandosolutions.com/web_editor/shape/web_editor/Blobs/083052.svg]
[www.scandosolutions.com/web_editor/shape/web_editor/Blobs/09bfdf.svg]
[www.scandosolutions.com/web_editor/shape/web_editor/Blobs/1052e3.svg]
[www.scandosolutions.com/web_editor/shape/web_editor/Blobs/10_0013052.svg]
[www.scandosolutions.com/web_editor/shape/web_editor/Blobs/113052.svg]
[www.scandosolutions.com/web_editor/shape/web_editor/Blobs/123052.svg]
[www.scandosolutions.com/web_editor/shape/web_editor/Blocks/012857.svg]
[www.scandosolutions.com/web_editor/shape/web_editor/Blocks/01_0012857.svg]
[www.scandosolutions.com/web_editor/shape/web_editor/Blocks/022857.svg]
[www.scandosolutions.com/web_editor/shape/web_editor/Blocks/02_0012857.svg]
[www.scandosolutions.com/web_editor/shape/web_editor/Blocks/03c2c3.svg]
[www.scandosolutions.com/web_editor/shape/web_editor/Blocks/04b169.svg]
[www.scandosolutions.com/web_editor/shape/web_editor/Bold/01e4dd.svg]
[www.scandosolutions.com/web_editor/shape/web_editor/Bold/021d3e.svg]
[www.scandosolutions.com/web_editor/shape/web_editor/Bold/032857.svg]
[www.scandosolutions.com/web_editor/shape/web_editor/Bold/04cf40.svg]
[www.scandosolutions.com/web_editor/shape/web_editor/Bold/05bef0.svg]
[www.scandosolutions.com/web_editor/shape/web_editor/Bold/05_001bfdf.svg]
[www.scandosolutions.com/web_editor/shape/web_editor/Bold/06bef0.svg]
[www.scandosolutions.com/web_editor/shape/web_editor/Bold/06_001bfdf.svg]
[www.scandosolutions.com/web_editor/shape/web_editor/Bold/073176.svg]
[www.scandosolutions.com/web_editor/shape/web_editor/Bold/07_0013176.svg]
[www.scandosolutions.com/web_editor/shape/web_editor/Bold/083052.svg]
[www.scandosolutions.com/web_editor/shape/web_editor/Bold/09cf40.svg]
[www.scandosolutions.com/web_editor/shape/web_editor/Bold/10f3c3.svg]
[www.scandosolutions.com/web_editor/shape/web_editor/Bold/10_001d3c0.svg]
[www.scandosolutions.com/web_editor/shape/web_editor/Bold/111d3e.svg]
[www.scandosolutions.com/web_editor/shape/web_editor/Bold/11_0013176.svg]
[www.scandosolutions.com/web_editor/shape/web_editor/Bold/12a784.svg]
[www.scandosolutions.com/web_editor/shape/web_editor/Bold/12_001a784.svg]
[www.scandosolutions.com/web_editor/shape/web_editor/Floats/016896.svg]
[www.scandosolutions.com/web_editor/shape/web_editor/Floats/02b169.svg]
[www.scandosolutions.com/web_editor/shape/web_editor/Floats/03b169.svg]
[www.scandosolutions.com/web_editor/shape/web_editor/Floats/04b557.svg]
[www.scandosolutions.com/web_editor/shape/web_editor/Floats/05b169.svg]
[www.scandosolutions.com/web_editor/shape/web_editor/Floats/06b169.svg]
[www.scandosolutions.com/web_editor/shape/web_editor/Floats/07b169.svg]
[www.scandosolutions.com/web_editor/shape/web_editor/Floats/08b169.svg]
[www.scandosolutions.com/web_editor/shape/web_editor/Floats/091d3e.svg]
[www.scandosolutions.com/web_editor/shape/web_editor/Floats/10b169.svg]
[www.scandosolutions.com/web_editor/shape/web_editor/Floats/1174d6.svg]
[www.scandosolutions.com/web_editor/shape/web_editor/Floats/12b169.svg]
[www.scandosolutions.com/web_editor/shape/web_editor/Floats/13a784.svg]
[www.scandosolutions.com/web_editor/shape/web_editor/Floats/14b169.svg]
[www.scandosolutions.com/web_editor/shape/web_editor/Origins/01f22e.svg]
[www.scandosolutions.com/web_editor/shape/web_editor/Origins/02bfdf.svg]
[www.scandosolutions.com/web_editor/shape/web_editor/Origins/02_00107c0.svg]
[www.scandosolutions.com/web_editor/shape/web_editor/Origins/03bfdf.svg]
[www.scandosolutions.com/web_editor/shape/web_editor/Origins/04bfdf.svg]
[www.scandosolutions.com/web_editor/shape/web_editor/Origins/04_0013e90.svg]
[www.scandosolutions.com/web_editor/shape/web_editor/Origins/05bfdf.svg]
[www.scandosolutions.com/web_editor/shape/web_editor/Origins/06bfdf.svg]
[www.scandosolutions.com/web_editor/shape/web_editor/Origins/06_0017d67.svg]
[www.scandosolutions.com/web_editor/shape/web_editor/Origins/07bfdf.svg]
[www.scandosolutions.com/web_editor/shape/web_editor/Origins/07_0016f87.svg]
[www.scandosolutions.com/web_editor/shape/web_editor/Origins/07_0029952.svg]
[www.scandosolutions.com/web_editor/shape/web_editor/Origins/08bfdf.svg]
[www.scandosolutions.com/web_editor/shape/web_editor/Origins/0952e3.svg]
[www.scandosolutions.com/web_editor/shape/web_editor/Origins/09_001bfdf.svg]
[www.scandosolutions.com/web_editor/shape/web_editor/Origins/10f22e.svg]
[www.scandosolutions.com/web_editor/shape/web_editor/Origins/116f87.svg]
[www.scandosolutions.com/web_editor/shape/web_editor/Origins/11_0017d67.svg]
[www.scandosolutions.com/web_editor/shape/web_editor/Origins/126f87.svg]
[www.scandosolutions.com/web_editor/shape/web_editor/Origins/136f87.svg]
[www.scandosolutions.com/web_editor/shape/web_editor/Origins/14750f.svg]
[www.scandosolutions.com/web_editor/shape/web_editor/Origins/14_0017d67.svg]
[www.scandosolutions.com/web_editor/shape/web_editor/Origins/15750f.svg]
[www.scandosolutions.com/web_editor/shape/web_editor/Origins/16bfdf.svg]
[www.scandosolutions.com/web_editor/shape/web_editor/Origins/17bfdf.svg]
[www.scandosolutions.com/web_editor/shape/web_editor/Origins/183052.svg]
[www.scandosolutions.com/web_editor/shape/web_editor/Rainy/0152e3.svg]
[www.scandosolutions.com/web_editor/shape/web_editor/Rainy/01_00152e3.svg]
[www.scandosolutions.com/web_editor/shape/web_editor/Rainy/02d3c0.svg]
[www.scandosolutions.com/web_editor/shape/web_editor/Rainy/02_001d3c0.svg]
[www.scandosolutions.com/web_editor/shape/web_editor/Rainy/03a088.svg]
[www.scandosolutions.com/web_editor/shape/web_editor/Rainy/03_001f22e.svg]
[www.scandosolutions.com/web_editor/shape/web_editor/Rainy/0452e3.svg]
[www.scandosolutions.com/web_editor/shape/web_editor/Rainy/0552e3.svg]
[www.scandosolutions.com/web_editor/shape/web_editor/Rainy/05_0013052.svg]
[www.scandosolutions.com/web_editor/shape/web_editor/Rainy/061d3e.svg]
[www.scandosolutions.com/web_editor/shape/web_editor/Rainy/071d3e.svg]
[www.scandosolutions.com/web_editor/shape/web_editor/Rainy/08c2c3.svg]
[www.scandosolutions.com/web_editor/shape/web_editor/Rainy/08_001c2c3.svg]
[www.scandosolutions.com/web_editor/shape/web_editor/Rainy/093052.svg]
[www.scandosolutions.com/web_editor/shape/web_editor/Rainy/09_0013052.svg]
[www.scandosolutions.com/web_editor/shape/web_editor/Rainy/1074d6.svg]
[www.scandosolutions.com/web_editor/shape/web_editor/Wavy/01750f.svg]
[www.scandosolutions.com/web_editor/shape/web_editor/Wavy/01_001bfdf.svg]
[www.scandosolutions.com/web_editor/shape/web_editor/Wavy/02750f.svg]
[www.scandosolutions.com/web_editor/shape/web_editor/Wavy/02_001bfdf.svg]
[www.scandosolutions.com/web_editor/shape/web_editor/Wavy/033176.svg]
[www.scandosolutions.com/web_editor/shape/web_editor/Wavy/0452e3.svg]
[www.scandosolutions.com/web_editor/shape/web_editor/Wavy/0552e3.svg]
[www.scandosolutions.com/web_editor/shape/web_editor/Wavy/06f3c3.svg]
[www.scandosolutions.com/web_editor/shape/web_editor/Wavy/06_0012857.svg]
[www.scandosolutions.com/web_editor/shape/web_editor/Wavy/07bfdf.svg]
[www.scandosolutions.com/web_editor/shape/web_editor/Wavy/08e4dd.svg]
[www.scandosolutions.com/web_editor/shape/web_editor/Wavy/0952e3.svg]
[www.scandosolutions.com/web_editor/shape/web_editor/Wavy/103176.svg]
[www.scandosolutions.com/web_editor/shape/web_editor/Wavy/11c2c3.svg]
[www.scandosolutions.com/web_editor/shape/web_editor/Wavy/123052.svg]
[www.scandosolutions.com/web_editor/shape/web_editor/Wavy/12_0013052.svg]
[www.scandosolutions.com/web_editor/shape/web_editor/Wavy/13750f.svg]
[www.scandosolutions.com/web_editor/shape/web_editor/Wavy/13_0013052.svg]
[www.scandosolutions.com/web_editor/shape/web_editor/Wavy/1474d6.svg]
[www.scandosolutions.com/web_editor/shape/web_editor/Wavy/153052.svg]
[www.scandosolutions.com/web_editor/shape/web_editor/Wavy/163052.svg]
[www.scandosolutions.com/web_editor/shape/web_editor/Wavy/173052.svg]
[www.scandosolutions.com/web_editor/shape/web_editor/Wavy/18bef0.svg]
[www.scandosolutions.com/web_editor/shape/web_editor/Wavy/19bef0.svg]
[www.scandosolutions.com/web_editor/shape/web_editor/Wavy/20e4dd.svg]
[www.scandosolutions.com/web_editor/shape/web_editor/Wavy/21e4dd.svg]
[www.scandosolutions.com/web_editor/shape/web_editor/Wavy/22bfdf.svg]
[www.scandosolutions.com/web_editor/shape/web_editor/Wavy/23bfdf.svg]
[www.scandosolutions.com/web_editor/shape/web_editor/Wavy/243176.svg]
[www.scandosolutions.com/web_editor/shape/web_editor/Wavy/253176.svg]
[www.scandosolutions.com/web_editor/shape/web_editor/Wavy/263176.svg]
[www.scandosolutions.com/web_editor/shape/web_editor/Wavy/273176.svg]
[www.scandosolutions.com/web_editor/shape/web_editor/Wavy/2874d6.svg]
[www.scandosolutions.com/web_editor/shape/web_editor/Zigs/01e4dd.svg]
[www.scandosolutions.com/web_editor/shape/web_editor/Zigs/01_001e4dd.svg]
[www.scandosolutions.com/web_editor/shape/web_editor/Zigs/02e4dd.svg]
[www.scandosolutions.com/web_editor/shape/web_editor/Zigs/02_001e4dd.svg]
[www.scandosolutions.com/web_editor/shape/web_editor/Zigs/033052.svg]
[www.scandosolutions.com/web_editor/shape/web_editor/Zigs/043052.svg]
[www.scandosolutions.com/web_editor/shape/web_editor/Zigs/05bfdf.svg]
[www.scandosolutions.com/web_editor/shape/web_editor/Zigs/0607c0.svg]
[www.scandosolutions.com/web_enterprise/static/img/home-menu-bg-overlay.svg]
[www.scandosolutions.com/web/reset_password.html]
[www.scandosolutions.com/_/web_editor/shape/web_editor/Blobs/02094b.html]
[www.scandosolutions.com/web/image/4823-e9655f56/33.png]
[www.scandosolutions.com/web/image/8240-a8316a57/7.png]
[www.scandosolutions.com/marketing.html]
[www.scandosolutions.com/web/image/8241-a8316a57/7.png]
[www.scandosolutions.com/human-resources.html]
[www.scandosolutions.com/web/image/8242-a8316a57/7.png]
[www.scandosolutions.com/finance.html]
[www.scandosolutions.com/web/image/4818-fd46d548/32.png]
[www.scandosolutions.com/web/image/8243-a8316a57/7.png]
[www.scandosolutions.com/accounting-bookkeeping.html]
[www.scandosolutions.com/web/image/8244-a8316a57/7.png]
[www.scandosolutions.com/supply-chain.html]
[www.scandosolutions.com/web/image/4821-f744849b/1.jpg]
[www.scandosolutions.com/web/image/8245-a8316a57/7.png]
[www.scandosolutions.com/manufacturing-management.html]
[www.scandosolutions.com/_/web/image/4647-71d28e4c/9.html]
[www.scandosolutions.com/web/image/5069-8ecdd19d/WhatsApp Image 2023-02-09 at 1.31.08 PM.jpeg]
[www.scandosolutions.com/web/image/8247-a8316a57/7.png]
[www.scandosolutions.com/quality-management.html]
[www.scandosolutions.com/web/image/5067-0e3d9085/WhatsApp Image 2023-02-09 at 1.16.20 PM.jpeg]
[www.scandosolutions.com/web/image/4816-dac3e6fc/31.png]
[www.scandosolutions.com/web/image/8249-a8316a57/7.png]
[www.scandosolutions.com/business-processes-re-engineering.html]
[www.scandosolutions.com/web/image/5060-5508364d/WhatsApp Image 2023-02-09 at 12.35.29 PM.jpeg]
[www.scandosolutions.com/web/image/8248-a8316a57/7.png]
[www.scandosolutions.com/corporate-governance.html]
[www.scandosolutions.com/_/web/image/4587-59de1200/odoo.html]
[www.scandosolutions.com/web/image/8250-a8316a57/7.png]
[www.scandosolutions.com/implementation.html]
[www.scandosolutions.com/web/image/4825-8a0fb498/34.png]
[www.scandosolutions.com/web/image/8251-a8316a57/7.png]
[www.scandosolutions.com/customization.html]
[www.scandosolutions.com/web/image/8252-a8316a57/7.png]
[www.scandosolutions.com/express-service.html]
[www.scandosolutions.com/web/image/4826-dd254400/35.png]
[www.scandosolutions.com/web/image/4827-0dfb59d6/WhatsApp Image 2023-02-06 at 4.02.15 PM.jpeg]
[www.scandosolutions.com/web/image/8253-a8316a57/7.png]
[www.scandosolutions.com/integration.html]
[www.scandosolutions.com/web/image/4832-519871c4/36.png]
[www.scandosolutions.com/web/image/8254-a8316a57/7.png]
[www.scandosolutions.com/erp-support.html]
[www.scandosolutions.com/web/image/4865-31b357e5/1c1e6f39-6c93-4add-bd5e-8ec42aa12d7f.jpeg]
[www.scandosolutions.com/web/image/8255-a8316a57/7.png]
[www.scandosolutions.com/migration.html]
[www.scandosolutions.com/web/image/website.s_three_columns_default_image_2.jpg]
[www.scandosolutions.com/functional-training.html]
[www.scandosolutions.com/web/image/website.s_three_columns_default_image_1.jpg]
[www.scandosolutions.com/web/image/5033-7821af90/WhatsApp Image 2023-02-08 at 6.58.01 PM.jpeg]
[www.scandosolutions.com/web/image/5034-27bf981e/WhatsApp Image 2023-02-08 at 7.17.24 PM.jpeg]
[www.scandosolutions.com/web/image/8256-a8316a57/7.png]
[www.scandosolutions.com/training.html]
[www.scandosolutions.com/blog/'/website_blog/static/src/img/cover_5.html]
[www.scandosolutions.com/web/image/10016-6c7c0df3/Business-integration.jpg]
[www.scandosolutions.com/web/image/10023-1585823d/(1).png_; filename_=UTF-8''%D8%AA%D8%B5%D9%85%D9%8A%D9%85%20%D8%A8%D8%AF%D9%88%D9%86%20%D8%B9%D9%86%D9%88%D8%A7%D9%86%20%281%29e597.png]
[www.scandosolutions.com/blog/our-blog-1/business-process-integration-2.html]
[www.scandosolutions.com/blog/our-blog-1/how-to-design-chart-of-accounts-in-odoo-1.html]
[www.scandosolutions.com/web_editor/shape/illustration/invite-svg-48072876.svg]
[www.scandosolutions.com/web_editor/shape/illustration/investment-svg-4806ca55.svg]
[www.scandosolutions.com/web_editor/shape/illustration/delivery-app-svg-4814ecba.svg]
[www.scandosolutions.com/web_editor/shape/illustration/drone-delivery-svg-48337d95.svg]
[www.scandosolutions.com/web/image/4874-edc02574/7.png]
[www.scandosolutions.com/functional-training.html]
